// Jest Snapshot v1, https://goo.gl/fbAQLP

exports[`ajvResolver should get errors on invalid data 1`] = `
Object {
  "errors": Object {
    "age": Object {
      "message": "should be integer",
      "type": "type",
      "types": Object {
        "type": "should be integer",
      },
    },
    "hobbies": Array [
      undefined,
      Object {
        "description": Object {
          "message": "should NOT be shorter than 3 characters",
          "type": "minLength",
          "types": Object {
            "minLength": "should NOT be shorter than 3 characters",
          },
        },
      },
    ],
  },
  "values": Object {},
}
`;

exports[`ajvResolver should throw when an invalid schema object is provided 1`] = `"schema is invalid: data.type should be equal to one of the allowed values, data.type should be array, data.type should match some schema in anyOf"`;

exports[`ajvResolver should throw when an invalid schema param is provided to ajv 1`] = `"Invalid AJV schema or validation function"`;
