// Jest Snapshot v1, https://goo.gl/fbAQLP

exports[`superstructResolver should return errors 1`] = `
Object {
  "errors": Object {
    "author": Object {
      "id": Object {
        "message": "",
        "type": "number",
      },
    },
    "id": Object {
      "message": "",
      "type": "number",
    },
    "tags": Array [
      Object {
        "message": "",
        "type": "string",
      },
      Object {
        "message": "",
        "type": "string",
      },
    ],
    "title": Object {
      "message": "",
      "type": "string",
    },
  },
  "values": Object {},
}
`;
