// Jest Snapshot v1, https://goo.gl/fbAQLP

exports[`superstructResolver should return errors 1`] = `
Object {
  "errors": Object {
    "author": Object {
      "id": Object {
        "message": "Expected a number, but received: \\"test\\"",
        "type": "number",
      },
    },
    "id": Object {
      "message": "Expected a number, but received: \\"2\\"",
      "type": "number",
    },
    "tags": Array [
      Object {
        "message": "Expected a string, but received: 2",
        "type": "string",
      },
      Object {
        "message": "Expected a string, but received: 3",
        "type": "string",
      },
    ],
    "title": Object {
      "message": "Expected a string, but received: 2",
      "type": "string",
    },
  },
  "values": Object {},
}
`;
